ЁЯЪА Starting Full Project Verification (API Only)...

1я╕ПтГг  Authentication (Dev Mode)...
   тД╣я╕П  Requesting Dev Token...
   тЬЕ Got Dev Token

2я╕ПтГг  Products & Variants...
   тЪая╕П  No products found. Creating one via API (Admin)...
   тЬЕ Created Product: Test Product 1769970212942 & Variant

3я╕ПтГг  Cart Module...
   тЬЕ Item added to Cart
   тЬЕ Cart fetched successfully

4я╕ПтГг  Address Module...
   тЬЕ Address created

5я╕ПтГг  Order Module...
   тЬЕ Order created! Order ID: 11940f2e-dc06-4ea6-939a-05b4fd38d39f

6я╕ПтГг  Wishlist Module...
   тЬЕ Toggled Wishlist

7я╕ПтГг  Review Module...
   тЬЕ Review added

8я╕ПтГг  Colors & Sizes...
   тЬЕ Colors: 0
   тЬЕ Sizes: 0
   тЬЕ Images for variant: 0

тЬЕтЬЕтЬЕ VERIFICATION SUCCESSFUL! The project is stable.
